Initialized native services in: C:\Users\Renendo\.gradle\native
Initialized jansi services in: C:\Users\Renendo\.gradle\native
The client will now receive all logging from the daemon (pid: 16128). The daemon log file: C:\Users\Renendo\.gradle\daemon\8.13\daemon-16128.out.log
Starting 6th build in daemon [uptime: 14 mins 14.005 secs, performance: 100%, GC rate: 0.00/s, heap usage: 0% of 2 GiB]
Using 16 worker leases.
Now considering [C:\Users\Renendo\Documents\Android\AppToLast\Paparcar] as hierarchies to watch
Reusing configuration cache.
Now considering [C:\Users\Renendo\Documents\Android\AppToLast\Paparcar] as hierarchies to watch
Watching the file system is configured to be enabled if available
File system watching is active
Using local directory build cache for the root build (location = C:\Users\Renendo\.gradle\caches\build-cache-1, remove unused entries = after 7 days).
Tasks to be executed: [task ':composeApp:kmpPartiallyResolvedDependenciesChecker', task ':composeApp:checkKotlinGradlePluginConfigurationErrors', task ':composeApp:convertXmlValueResourcesForAndroidMain', task ':composeApp:copyNonXmlValueResourcesForAndroidMain', task ':composeApp:prepareComposeResourcesTaskForAndroidMain', task ':composeApp:generateResourceAccessorsForAndroidMain', task ':composeApp:convertXmlValueResourcesForCommonMain', task ':composeApp:copyNonXmlValueResourcesForCommonMain', task ':composeApp:prepareComposeResourcesTaskForCommonMain', task ':composeApp:generateResourceAccessorsForCommonMain', task ':composeApp:generateActualResourceCollectorsForAndroidMain', task ':composeApp:generateComposeResClass', task ':composeApp:generateExpectResourceCollectorsForCommonMain', task ':composeApp:convertXmlValueResourcesForAndroidDebug', task ':composeApp:copyNonXmlValueResourcesForAndroidDebug', task ':composeApp:prepareComposeResourcesTaskForAndroidDebug', task ':composeApp:generateResourceAccessorsForAndroidDebug', task ':composeApp:preBuild', task ':composeApp:preDebugBuild', task ':composeApp:checkDebugAarMetadata', task ':composeApp:generateDebugResValues', task ':composeApp:processDebugGoogleServices', task ':composeApp:mapDebugSourceSetPaths', task ':composeApp:generateDebugResources', task ':composeApp:mergeDebugResources', task ':composeApp:copyDebugComposeResourcesToAndroidAssets', task ':composeApp:packageDebugResources', task ':composeApp:parseDebugLocalResources', task ':composeApp:createDebugCompatibleScreenManifests', task ':composeApp:extractDeepLinksDebug', task ':composeApp:processDebugMainManifest', task ':composeApp:processDebugManifest', task ':composeApp:processDebugManifestForPackage', task ':composeApp:processDebugResources', task ':composeApp:compileDebugKotlinAndroid']
Tasks that were excluded: []
Resolve mutations for :composeApp:kmpPartiallyResolvedDependenciesChecker (Thread[#537,Execution worker,5,main]) started.
Resolve mutations for :composeApp:convertXmlValueResourcesForAndroidMain (Thread[#538,Execution worker Thread 2,5,main]) started.
Resolve mutations for :composeApp:copyNonXmlValueResourcesForAndroidMain (Thread[#539,Execution worker Thread 3,5,main]) started.
Resolve mutations for :composeApp:convertXmlValueResourcesForCommonMain (Thread[#540,Execution worker Thread 4,5,main]) started.
:composeApp:kmpPartiallyResolvedDependenciesChecker (Thread[#537,Execution worker,5,main]) started.
Resolve mutations for :composeApp:copyNonXmlValueResourcesForCommonMain (Thread[#543,Execution worker Thread 7,5,main]) started.
Resolve mutations for :composeApp:generateComposeResClass (Thread[#542,Execution worker Thread 6,5,main]) started.
Resolve mutations for :composeApp:generateExpectResourceCollectorsForCommonMain (Thread[#541,Execution worker Thread 5,5,main]) started.
Resolve mutations for :composeApp:convertXmlValueResourcesForAndroidDebug (Thread[#544,Execution worker Thread 8,5,main]) started.
:composeApp:generateExpectResourceCollectorsForCommonMain (Thread[#545,Execution worker Thread 9,5,main]) started.
:composeApp:copyNonXmlValueResourcesForCommonMain (Thread[#543,Execution worker Thread 7,5,main]) started.
:composeApp:convertXmlValueResourcesForAndroidMain (Thread[#541,Execution worker Thread 5,5,main]) started.
Resolve mutations for :composeApp:copyNonXmlValueResourcesForAndroidDebug (Thread[#548,Execution worker Thread 12,5,main]) started.
Resolve mutations for :composeApp:preBuild (Thread[#539,Execution worker Thread 3,5,main]) started.
:composeApp:generateComposeResClass (Thread[#542,Execution worker Thread 6,5,main]) started.
Resolve mutations for :composeApp:processDebugGoogleServices (Thread[#550,Execution worker Thread 13,5,main]) started.
:composeApp:convertXmlValueResourcesForAndroidDebug (Thread[#544,Execution worker Thread 8,5,main]) started.
:composeApp:preBuild (Thread[#539,Execution worker Thread 3,5,main]) started.
:composeApp:processDebugGoogleServices (Thread[#550,Execution worker Thread 13,5,main]) started.

> Task :composeApp:preBuild UP-TO-DATE
Skipping task ':composeApp:preBuild' as it has no actions.
Build e3e7b7b5-9eb6-4528-93ad-edd4b8185c2e is started
Resolve mutations for :composeApp:preDebugBuild (Thread[#539,Execution worker Thread 3,5,main]) started.
:composeApp:preDebugBuild (Thread[#539,Execution worker Thread 3,5,main]) started.

> Task :composeApp:convertXmlValueResourcesForAndroidDebug NO-SOURCE
file or directory 'C:\Users\Renendo\Documents\Android\AppToLast\Paparcar\composeApp\build\generated\compose\resourceGenerator\preparedResources\androidDebug\composeResources', not found
Skipping task ':composeApp:convertXmlValueResourcesForAndroidDebug' as it has no source files and no previous output files.
:composeApp:copyNonXmlValueResourcesForAndroidDebug (Thread[#544,Execution worker Thread 8,5,main]) started.

> Task :composeApp:convertXmlValueResourcesForAndroidMain NO-SOURCE
file or directory 'C:\Users\Renendo\Documents\Android\AppToLast\Paparcar\composeApp\build\generated\compose\resourceGenerator\preparedResources\androidMain\composeResources', not found
Skipping task ':composeApp:convertXmlValueResourcesForAndroidMain' as it has no source files and no previous output files.
:composeApp:copyNonXmlValueResourcesForAndroidMain (Thread[#541,Execution worker Thread 5,5,main]) started.

> Task :composeApp:copyNonXmlValueResourcesForCommonMain NO-SOURCE
file or directory 'C:\Users\Renendo\Documents\Android\AppToLast\Paparcar\composeApp\build\generated\compose\resourceGenerator\preparedResources\commonMain\composeResources', not found
Skipping task ':composeApp:copyNonXmlValueResourcesForCommonMain' as it has no source files and no previous output files.

> Task :composeApp:processDebugGoogleServices UP-TO-DATE
Build cache key for task ':composeApp:processDebugGoogleServices' is 9e8494a52f13bbb1f6cee21cdd04077a
Skipping task ':composeApp:processDebugGoogleServices' as it is up-to-date.

> Task :composeApp:generateComposeResClass UP-TO-DATE
Caching disabled for task ':composeApp:generateComposeResClass' because:
  Caching has not been enabled for the task
Skipping task ':composeApp:generateComposeResClass' as it is up-to-date.

> Task :composeApp:preDebugBuild UP-TO-DATE
Skipping task ':composeApp:preDebugBuild' as it has no actions.

> Task :composeApp:generateExpectResourceCollectorsForCommonMain UP-TO-DATE
Caching disabled for task ':composeApp:generateExpectResourceCollectorsForCommonMain' because:
  Caching has not been enabled for the task
Skipping task ':composeApp:generateExpectResourceCollectorsForCommonMain' as it is up-to-date.
:composeApp:convertXmlValueResourcesForCommonMain (Thread[#543,Execution worker Thread 7,5,main]) started.

> Task :composeApp:copyNonXmlValueResourcesForAndroidDebug NO-SOURCE
file or directory 'C:\Users\Renendo\Documents\Android\AppToLast\Paparcar\composeApp\build\generated\compose\resourceGenerator\preparedResources\androidDebug\composeResources', not found
Skipping task ':composeApp:copyNonXmlValueResourcesForAndroidDebug' as it has no source files and no previous output files.

> Task :composeApp:kmpPartiallyResolvedDependenciesChecker
Caching disabled for task ':composeApp:kmpPartiallyResolvedDependenciesChecker' because:
  This task is not intended for execution
Task ':composeApp:kmpPartiallyResolvedDependenciesChecker' is not up-to-date because:
  Task has not declared any outputs despite executing actions.
Execution stopped by some action with message: null
Resolve mutations for :composeApp:checkDebugAarMetadata (Thread[#539,Execution worker Thread 3,5,main]) started.
Resolve mutations for :composeApp:generateDebugResValues (Thread[#542,Execution worker Thread 6,5,main]) started.
Resolve mutations for :composeApp:createDebugCompatibleScreenManifests (Thread[#551,Execution worker Thread 14,5,main]) started.

> Task :composeApp:copyNonXmlValueResourcesForAndroidMain NO-SOURCE
file or directory 'C:\Users\Renendo\Documents\Android\AppToLast\Paparcar\composeApp\build\generated\compose\resourceGenerator\preparedResources\androidMain\composeResources', not found
Skipping task ':composeApp:copyNonXmlValueResourcesForAndroidMain' as it has no source files and no previous output files.
Resolve mutations for :composeApp:prepareComposeResourcesTaskForAndroidDebug (Thread[#544,Execution worker Thread 8,5,main]) started.
Resolve mutations for :composeApp:prepareComposeResourcesTaskForAndroidMain (Thread[#541,Execution worker Thread 5,5,main]) started.
:composeApp:checkDebugAarMetadata (Thread[#551,Execution worker Thread 14,5,main]) started.

> Task :composeApp:convertXmlValueResourcesForCommonMain NO-SOURCE
file or directory 'C:\Users\Renendo\Documents\Android\AppToLast\Paparcar\composeApp\build\generated\compose\resourceGenerator\preparedResources\commonMain\composeResources', not found
Skipping task ':composeApp:convertXmlValueResourcesForCommonMain' as it has no source files and no previous output files.
Resolve mutations for :composeApp:checkKotlinGradlePluginConfigurationErrors (Thread[#537,Execution worker,5,main]) started.
:composeApp:createDebugCompatibleScreenManifests (Thread[#539,Execution worker Thread 3,5,main]) started.
:composeApp:generateDebugResValues (Thread[#542,Execution worker Thread 6,5,main]) started.
Resolve mutations for :composeApp:prepareComposeResourcesTaskForCommonMain (Thread[#543,Execution worker Thread 7,5,main]) started.
:composeApp:checkKotlinGradlePluginConfigurationErrors (Thread[#537,Execution worker,5,main]) started.
:composeApp:prepareComposeResourcesTaskForAndroidMain (Thread[#538,Execution worker Thread 2,5,main]) started.

> Task :composeApp:checkKotlinGradlePluginConfigurationErrors SKIPPED
Skipping task ':composeApp:checkKotlinGradlePluginConfigurationErrors' as task onlyIf 'errorDiagnostics are present' is false.
:composeApp:prepareComposeResourcesTaskForAndroidDebug (Thread[#541,Execution worker Thread 5,5,main]) started.
:composeApp:prepareComposeResourcesTaskForCommonMain (Thread[#543,Execution worker Thread 7,5,main]) started.

> Task :composeApp:createDebugCompatibleScreenManifests UP-TO-DATE
Caching disabled for task ':composeApp:createDebugCompatibleScreenManifests' because:
  Caching has been disabled for the task
Skipping task ':composeApp:createDebugCompatibleScreenManifests' as it is up-to-date.

> Task :composeApp:generateDebugResValues UP-TO-DATE
Build cache key for task ':composeApp:generateDebugResValues' is 4121b99e15c5b663d354bbd76da81c0d
Skipping task ':composeApp:generateDebugResValues' as it is up-to-date.

> Task :composeApp:prepareComposeResourcesTaskForAndroidDebug NO-SOURCE
Skipping task ':composeApp:prepareComposeResourcesTaskForAndroidDebug' as it has no source files and no previous output files.

> Task :composeApp:prepareComposeResourcesTaskForAndroidMain NO-SOURCE
Skipping task ':composeApp:prepareComposeResourcesTaskForAndroidMain' as it has no source files and no previous output files.
Resolve mutations for :composeApp:mapDebugSourceSetPaths (Thread[#542,Execution worker Thread 6,5,main]) started.
Resolve mutations for :composeApp:generateDebugResources (Thread[#537,Execution worker,5,main]) started.
Resolve mutations for :composeApp:generateResourceAccessorsForAndroidMain (Thread[#541,Execution worker Thread 5,5,main]) started.
Resolve mutations for :composeApp:generateResourceAccessorsForAndroidDebug (Thread[#552,Execution worker Thread 15,5,main]) started.
Resolve mutations for :composeApp:extractDeepLinksDebug (Thread[#548,Execution worker Thread 12,5,main]) started.
:composeApp:mapDebugSourceSetPaths (Thread[#542,Execution worker Thread 6,5,main]) started.

> Task :composeApp:prepareComposeResourcesTaskForCommonMain NO-SOURCE
Skipping task ':composeApp:prepareComposeResourcesTaskForCommonMain' as it has no source files and no previous output files.
:composeApp:generateResourceAccessorsForAndroidMain (Thread[#541,Execution worker Thread 5,5,main]) started.
:composeApp:extractDeepLinksDebug (Thread[#548,Execution worker Thread 12,5,main]) started.
Resolve mutations for :composeApp:generateResourceAccessorsForCommonMain (Thread[#543,Execution worker Thread 7,5,main]) started.
:composeApp:generateResourceAccessorsForAndroidDebug (Thread[#552,Execution worker Thread 15,5,main]) started.
:composeApp:generateDebugResources (Thread[#537,Execution worker,5,main]) started.
Resolve mutations for :composeApp:copyDebugComposeResourcesToAndroidAssets (Thread[#540,Execution worker Thread 4,5,main]) started.
:composeApp:generateResourceAccessorsForCommonMain (Thread[#543,Execution worker Thread 7,5,main]) started.

> Task :composeApp:generateResourceAccessorsForAndroidMain NO-SOURCE
Skipping task ':composeApp:generateResourceAccessorsForAndroidMain' as it has no source files and no previous output files.
:composeApp:copyDebugComposeResourcesToAndroidAssets (Thread[#540,Execution worker Thread 4,5,main]) started.

> Task :composeApp:generateResourceAccessorsForAndroidDebug NO-SOURCE
Skipping task ':composeApp:generateResourceAccessorsForAndroidDebug' as it has no source files and no previous output files.

> Task :composeApp:generateResourceAccessorsForCommonMain NO-SOURCE
Skipping task ':composeApp:generateResourceAccessorsForCommonMain' as it has no source files and no previous output files.
Resolve mutations for :composeApp:generateActualResourceCollectorsForAndroidMain (Thread[#543,Execution worker Thread 7,5,main]) started.
:composeApp:generateActualResourceCollectorsForAndroidMain (Thread[#543,Execution worker Thread 7,5,main]) started.

> Task :composeApp:generateDebugResources UP-TO-DATE
Build cache key for task ':composeApp:generateDebugResources' is b55ebb176ad54ca0b03a897c56b720b1
Skipping task ':composeApp:generateDebugResources' as it is up-to-date.

> Task :composeApp:extractDeepLinksDebug UP-TO-DATE
Build cache key for task ':composeApp:extractDeepLinksDebug' is 71fd631e2b99a4d256280658ebabd04d
Skipping task ':composeApp:extractDeepLinksDebug' as it is up-to-date.
Resolve mutations for :composeApp:mergeDebugResources (Thread[#537,Execution worker,5,main]) started.
Resolve mutations for :composeApp:processDebugMainManifest (Thread[#548,Execution worker Thread 12,5,main]) started.
:composeApp:processDebugMainManifest (Thread[#548,Execution worker Thread 12,5,main]) started.
:composeApp:mergeDebugResources (Thread[#537,Execution worker,5,main]) started.

> Task :composeApp:generateActualResourceCollectorsForAndroidMain UP-TO-DATE
Caching disabled for task ':composeApp:generateActualResourceCollectorsForAndroidMain' because:
  Caching has not been enabled for the task
Skipping task ':composeApp:generateActualResourceCollectorsForAndroidMain' as it is up-to-date.

> Task :composeApp:copyDebugComposeResourcesToAndroidAssets UP-TO-DATE
Caching disabled for task ':composeApp:copyDebugComposeResourcesToAndroidAssets' because:
  Caching has not been enabled for the task
Skipping task ':composeApp:copyDebugComposeResourcesToAndroidAssets' as it is up-to-date.
Resolve mutations for :composeApp:packageDebugResources (Thread[#540,Execution worker Thread 4,5,main]) started.
:composeApp:packageDebugResources (Thread[#540,Execution worker Thread 4,5,main]) started.

> Task :composeApp:packageDebugResources UP-TO-DATE
Build cache key for task ':composeApp:packageDebugResources' is 72f2b99042338ddf09bfce9fab4a0a5b
Skipping task ':composeApp:packageDebugResources' as it is up-to-date.
Resolve mutations for :composeApp:parseDebugLocalResources (Thread[#540,Execution worker Thread 4,5,main]) started.
:composeApp:parseDebugLocalResources (Thread[#536,included builds,5,main]) started.

> Task :composeApp:checkDebugAarMetadata UP-TO-DATE
Caching disabled for task ':composeApp:checkDebugAarMetadata' because:
  Caching has been disabled for the task
Skipping task ':composeApp:checkDebugAarMetadata' as it is up-to-date.

> Task :composeApp:mapDebugSourceSetPaths UP-TO-DATE
Caching disabled for task ':composeApp:mapDebugSourceSetPaths' because:
  Caching has been disabled for the task
Skipping task ':composeApp:mapDebugSourceSetPaths' as it is up-to-date.

> Task :composeApp:parseDebugLocalResources UP-TO-DATE
Build cache key for task ':composeApp:parseDebugLocalResources' is b7520932264356988efe7a9c104ab3a2
Skipping task ':composeApp:parseDebugLocalResources' as it is up-to-date.

> Task :composeApp:mergeDebugResources UP-TO-DATE
Build cache key for task ':composeApp:mergeDebugResources' is 1daa017f3c4a401727d5d66a20a1191d
Skipping task ':composeApp:mergeDebugResources' as it is up-to-date.

> Task :composeApp:processDebugMainManifest UP-TO-DATE
Build cache key for task ':composeApp:processDebugMainManifest' is bbacf5644338b0b0f072c4611b20b4af
Skipping task ':composeApp:processDebugMainManifest' as it is up-to-date.
Resolve mutations for :composeApp:processDebugManifest (Thread[#548,Execution worker Thread 12,5,main]) started.
:composeApp:processDebugManifest (Thread[#548,Execution worker Thread 12,5,main]) started.

> Task :composeApp:processDebugManifest UP-TO-DATE
Build cache key for task ':composeApp:processDebugManifest' is f2770bf37be78299adda079c12eda9a8
Skipping task ':composeApp:processDebugManifest' as it is up-to-date.
Resolve mutations for :composeApp:processDebugManifestForPackage (Thread[#548,Execution worker Thread 12,5,main]) started.
:composeApp:processDebugManifestForPackage (Thread[#537,Execution worker,5,main]) started.

> Task :composeApp:processDebugManifestForPackage UP-TO-DATE
Build cache key for task ':composeApp:processDebugManifestForPackage' is 02b34c6ed56e0701cf8c98252fc5f67a
Skipping task ':composeApp:processDebugManifestForPackage' as it is up-to-date.
Resolve mutations for :composeApp:processDebugResources (Thread[#548,Execution worker Thread 12,5,main]) started.
:composeApp:processDebugResources (Thread[#548,Execution worker Thread 12,5,main]) started.

> Task :composeApp:processDebugResources UP-TO-DATE
Build cache key for task ':composeApp:processDebugResources' is 0c74cc43f3d2170447e4890d9bd213d6
Skipping task ':composeApp:processDebugResources' as it is up-to-date.
Resolve mutations for :composeApp:compileDebugKotlinAndroid (Thread[#548,Execution worker Thread 12,5,main]) started.
:composeApp:compileDebugKotlinAndroid (Thread[#548,Execution worker Thread 12,5,main]) started.

> Task :composeApp:compileDebugKotlinAndroid
Build cache key for task ':composeApp:compileDebugKotlinAndroid' is 6ae39d1eb49325d1079e1bbc63362db0
Task ':composeApp:compileDebugKotlinAndroid' is not up-to-date because:
  Task has failed previously.
The input changes require a full rebuild for incremental task ':composeApp:compileDebugKotlinAndroid'.
file or directory 'C:\Users\Renendo\Documents\Android\AppToLast\Paparcar\composeApp\src\androidDebug\kotlin', not found
file or directory 'C:\Users\Renendo\Documents\Android\AppToLast\Paparcar\composeApp\build\generated\compose\resourceGenerator\kotlin\androidDebugResourceAccessors', not found
file or directory 'C:\Users\Renendo\Documents\Android\AppToLast\Paparcar\composeApp\src\debug\java', not found
file or directory 'C:\Users\Renendo\Documents\Android\AppToLast\Paparcar\composeApp\src\debug\kotlin', not found
file or directory 'C:\Users\Renendo\Documents\Android\AppToLast\Paparcar\composeApp\build\generated\compose\resourceGenerator\kotlin\androidMainResourceAccessors', not found
file or directory 'C:\Users\Renendo\Documents\Android\AppToLast\Paparcar\composeApp\src\main\java', not found
file or directory 'C:\Users\Renendo\Documents\Android\AppToLast\Paparcar\composeApp\src\main\kotlin', not found
file or directory 'C:\Users\Renendo\Documents\Android\AppToLast\Paparcar\composeApp\src\main\java', not found
file or directory 'C:\Users\Renendo\Documents\Android\AppToLast\Paparcar\composeApp\src\debug\java', not found
file or directory 'C:\Users\Renendo\Documents\Android\AppToLast\Paparcar\composeApp\build\generated\compose\resourceGenerator\kotlin\commonMainResourceAccessors', not found
file or directory 'C:\Users\Renendo\Documents\Android\AppToLast\Paparcar\composeApp\src\androidDebug\kotlin', not found
file or directory 'C:\Users\Renendo\Documents\Android\AppToLast\Paparcar\composeApp\build\generated\compose\resourceGenerator\kotlin\androidDebugResourceAccessors', not found
file or directory 'C:\Users\Renendo\Documents\Android\AppToLast\Paparcar\composeApp\src\debug\java', not found
file or directory 'C:\Users\Renendo\Documents\Android\AppToLast\Paparcar\composeApp\src\debug\kotlin', not found
file or directory 'C:\Users\Renendo\Documents\Android\AppToLast\Paparcar\composeApp\src\androidDebug\kotlin', not found
file or directory 'C:\Users\Renendo\Documents\Android\AppToLast\Paparcar\composeApp\build\generated\compose\resourceGenerator\kotlin\androidDebugResourceAccessors', not found
file or directory 'C:\Users\Renendo\Documents\Android\AppToLast\Paparcar\composeApp\src\debug\java', not found
file or directory 'C:\Users\Renendo\Documents\Android\AppToLast\Paparcar\composeApp\src\debug\kotlin', not found
file or directory 'C:\Users\Renendo\Documents\Android\AppToLast\Paparcar\composeApp\build\generated\compose\resourceGenerator\kotlin\androidMainResourceAccessors', not found
file or directory 'C:\Users\Renendo\Documents\Android\AppToLast\Paparcar\composeApp\src\main\java', not found
file or directory 'C:\Users\Renendo\Documents\Android\AppToLast\Paparcar\composeApp\src\main\kotlin', not found
file or directory 'C:\Users\Renendo\Documents\Android\AppToLast\Paparcar\composeApp\src\main\java', not found
file or directory 'C:\Users\Renendo\Documents\Android\AppToLast\Paparcar\composeApp\src\debug\java', not found
file or directory 'C:\Users\Renendo\Documents\Android\AppToLast\Paparcar\composeApp\build\generated\compose\resourceGenerator\kotlin\commonMainResourceAccessors', not found
file or directory 'C:\Users\Renendo\Documents\Android\AppToLast\Paparcar\composeApp\src\androidDebug\kotlin', not found
file or directory 'C:\Users\Renendo\Documents\Android\AppToLast\Paparcar\composeApp\build\generated\compose\resourceGenerator\kotlin\androidDebugResourceAccessors', not found
file or directory 'C:\Users\Renendo\Documents\Android\AppToLast\Paparcar\composeApp\src\debug\java', not found
file or directory 'C:\Users\Renendo\Documents\Android\AppToLast\Paparcar\composeApp\src\debug\kotlin', not found
file or directory 'C:\Users\Renendo\Documents\Android\AppToLast\Paparcar\composeApp\build\generated\compose\resourceGenerator\kotlin\androidMainResourceAccessors', not found
file or directory 'C:\Users\Renendo\Documents\Android\AppToLast\Paparcar\composeApp\src\main\java', not found
file or directory 'C:\Users\Renendo\Documents\Android\AppToLast\Paparcar\composeApp\src\main\kotlin', not found
file or directory 'C:\Users\Renendo\Documents\Android\AppToLast\Paparcar\composeApp\src\main\java', not found
file or directory 'C:\Users\Renendo\Documents\Android\AppToLast\Paparcar\composeApp\src\debug\java', not found
file or directory 'C:\Users\Renendo\Documents\Android\AppToLast\Paparcar\composeApp\build\generated\compose\resourceGenerator\kotlin\commonMainResourceAccessors', not found
file or directory 'C:\Users\Renendo\Documents\Android\AppToLast\Paparcar\composeApp\src\androidDebug\kotlin', not found
file or directory 'C:\Users\Renendo\Documents\Android\AppToLast\Paparcar\composeApp\build\generated\compose\resourceGenerator\kotlin\androidDebugResourceAccessors', not found
file or directory 'C:\Users\Renendo\Documents\Android\AppToLast\Paparcar\composeApp\src\debug\java', not found
file or directory 'C:\Users\Renendo\Documents\Android\AppToLast\Paparcar\composeApp\src\debug\kotlin', not found
file or directory 'C:\Users\Renendo\Documents\Android\AppToLast\Paparcar\composeApp\build\generated\compose\resourceGenerator\kotlin\androidMainResourceAccessors', not found
file or directory 'C:\Users\Renendo\Documents\Android\AppToLast\Paparcar\composeApp\src\main\java', not found
file or directory 'C:\Users\Renendo\Documents\Android\AppToLast\Paparcar\composeApp\src\main\kotlin', not found
file or directory 'C:\Users\Renendo\Documents\Android\AppToLast\Paparcar\composeApp\src\main\java', not found
file or directory 'C:\Users\Renendo\Documents\Android\AppToLast\Paparcar\composeApp\src\debug\java', not found
file or directory 'C:\Users\Renendo\Documents\Android\AppToLast\Paparcar\composeApp\build\generated\compose\resourceGenerator\kotlin\commonMainResourceAccessors', not found
file or directory 'C:\Users\Renendo\Documents\Android\AppToLast\Paparcar\composeApp\src\androidDebug\kotlin', not found
file or directory 'C:\Users\Renendo\Documents\Android\AppToLast\Paparcar\composeApp\build\generated\compose\resourceGenerator\kotlin\androidDebugResourceAccessors', not found
file or directory 'C:\Users\Renendo\Documents\Android\AppToLast\Paparcar\composeApp\src\debug\java', not found
file or directory 'C:\Users\Renendo\Documents\Android\AppToLast\Paparcar\composeApp\src\debug\kotlin', not found
file or directory 'C:\Users\Renendo\Documents\Android\AppToLast\Paparcar\composeApp\build\generated\compose\resourceGenerator\kotlin\androidMainResourceAccessors', not found
file or directory 'C:\Users\Renendo\Documents\Android\AppToLast\Paparcar\composeApp\src\main\java', not found
file or directory 'C:\Users\Renendo\Documents\Android\AppToLast\Paparcar\composeApp\src\main\kotlin', not found
file or directory 'C:\Users\Renendo\Documents\Android\AppToLast\Paparcar\composeApp\build\generated\compose\resourceGenerator\kotlin\commonMainResourceAccessors', not found
Kotlin source files: C:\Users\Renendo\Documents\Android\AppToLast\Paparcar\composeApp\src\androidMain\kotlin\io\apptolast\paparcar\data\mapper\ActivityRecognitionMapper.kt, C:\Users\Renendo\Documents\Android\AppToLast\Paparcar\composeApp\src\androidMain\kotlin\io\apptolast\paparcar\data\mapper\GoogleLocationMapper.kt, C:\Users\Renendo\Documents\Android\AppToLast\Paparcar\composeApp\src\androidMain\kotlin\io\apptolast\paparcar\data\repository\ActivityRecognitionRepositoryImpl.kt, C:\Users\Renendo\Documents\Android\AppToLast\Paparcar\composeApp\src\androidMain\kotlin\io\apptolast\paparcar\data\repository\LocationRepositoryImpl.kt, C:\Users\Renendo\Documents\Android\AppToLast\Paparcar\composeApp\src\androidMain\kotlin\io\apptolast\paparcar\data\repository\ParkingRepositoryQueuedImpl.kt, C:\Users\Renendo\Documents\Android\AppToLast\Paparcar\composeApp\src\androidMain\kotlin\io\apptolast\paparcar\di\AndroidModule.kt, C:\Users\Renendo\Documents\Android\AppToLast\Paparcar\composeApp\src\androidMain\kotlin\io\apptolast\paparcar\MainActivity.kt, C:\Users\Renendo\Documents\Android\AppToLast\Paparcar\composeApp\src\androidMain\kotlin\io\apptolast\paparcar\PaPARCARApp.kt, C:\Users\Renendo\Documents\Android\AppToLast\Paparcar\composeApp\src\androidMain\kotlin\io\apptolast\paparcar\platform\AndroidDetectionController.kt, C:\Users\Renendo\Documents\Android\AppToLast\Paparcar\composeApp\src\androidMain\kotlin\io\apptolast\paparcar\platform\permissions\PermissionGate.android.kt, C:\Users\Renendo\Documents\Android\AppToLast\Paparcar\composeApp\src\androidMain\kotlin\io\apptolast\paparcar\platform\service\AccelerometerServiceImpl.kt, C:\Users\Renendo\Documents\Android\AppToLast\Paparcar\composeApp\src\androidMain\kotlin\io\apptolast\paparcar\platform\service\ActivityDetectionServiceImpl.kt, C:\Users\Renendo\Documents\Android\AppToLast\Paparcar\composeApp\src\androidMain\kotlin\io\apptolast\paparcar\platform\service\ActivityEventBus.kt, C:\Users\Renendo\Documents\Android\AppToLast\Paparcar\composeApp\src\androidMain\kotlin\io\apptolast\paparcar\platform\service\ActivityTransitionReceiver.kt, C:\Users\Renendo\Documents\Android\AppToLast\Paparcar\composeApp\src\androidMain\kotlin\io\apptolast\paparcar\platform\service\DetectionStatusBus.kt, C:\Users\Renendo\Documents\Android\AppToLast\Paparcar\composeApp\src\androidMain\kotlin\io\apptolast\paparcar\platform\service\GeofenceServiceImpl.kt, C:\Users\Renendo\Documents\Android\AppToLast\Paparcar\composeApp\src\androidMain\kotlin\io\apptolast\paparcar\platform\service\NotificationServiceImpl.kt, C:\Users\Renendo\Documents\Android\AppToLast\Paparcar\composeApp\src\androidMain\kotlin\io\apptolast\paparcar\platform\service\ParkingDetectionForegroundService.kt, C:\Users\Renendo\Documents\Android\AppToLast\Paparcar\composeApp\src\androidMain\kotlin\io\apptolast\paparcar\platform\session\AndroidUserSession.kt, C:\Users\Renendo\Documents\Android\AppToLast\Paparcar\composeApp\src\androidMain\kotlin\io\apptolast\paparcar\platform\work\PendingSpotQueue.kt, C:\Users\Renendo\Documents\Android\AppToLast\Paparcar\composeApp\src\androidMain\kotlin\io\apptolast\paparcar\platform\work\UploadPendingSpotsWorker.kt, C:\Users\Renendo\Documents\Android\AppToLast\Paparcar\composeApp\build\generated\compose\resourceGenerator\kotlin\androidMainResourceCollectors\paparcar\composeapp\generated\resources\ActualResourceCollectors.kt, C:\Users\Renendo\Documents\Android\AppToLast\Paparcar\composeApp\src\commonMain\kotlin\io\apptolast\paparcar\App.kt, C:\Users\Renendo\Documents\Android\AppToLast\Paparcar\composeApp\src\commonMain\kotlin\io\apptolast\paparcar\data\datasource\remote\dto\ParkingSpotDto.kt, C:\Users\Renendo\Documents\Android\AppToLast\Paparcar\composeApp\src\commonMain\kotlin\io\apptolast\paparcar\data\firebase\GeohashUtil.kt, C:\Users\Renendo\Documents\Android\AppToLast\Paparcar\composeApp\src\commonMain\kotlin\io\apptolast\paparcar\data\firebase\ParkingSpotDto.kt, C:\Users\Renendo\Documents\Android\AppToLast\Paparcar\composeApp\src\commonMain\kotlin\io\apptolast\paparcar\data\mapper\ParkingSpotMapper.kt, C:\Users\Renendo\Documents\Android\AppToLast\Paparcar\composeApp\src\commonMain\kotlin\io\apptolast\paparcar\data\repository\ParkingRepositoryFirestoreImpl.kt, C:\Users\Renendo\Documents\Android\AppToLast\Paparcar\composeApp\src\commonMain\kotlin\io\apptolast\paparcar\data\repository\ParkingRepositoryHybridImpl.kt, C:\Users\Renendo\Documents\Android\AppToLast\Paparcar\composeApp\src\commonMain\kotlin\io\apptolast\paparcar\data\repository\ParkingRepositoryImpl.kt, C:\Users\Renendo\Documents\Android\AppToLast\Paparcar\composeApp\src\commonMain\kotlin\io\apptolast\paparcar\di\CommonModule.kt, C:\Users\Renendo\Documents\Android\AppToLast\Paparcar\composeApp\src\commonMain\kotlin\io\apptolast\paparcar\domain\error\DomainError.kt, C:\Users\Renendo\Documents\Android\AppToLast\Paparcar\composeApp\src\commonMain\kotlin\io\apptolast\paparcar\domain\model\ActivityType.kt, C:\Users\Renendo\Documents\Android\AppToLast\Paparcar\composeApp\src\commonMain\kotlin\io\apptolast\paparcar\domain\model\DetectionResult.kt, C:\Users\Renendo\Documents\Android\AppToLast\Paparcar\composeApp\src\commonMain\kotlin\io\apptolast\paparcar\domain\model\Location.kt, C:\Users\Renendo\Documents\Android\AppToLast\Paparcar\composeApp\src\commonMain\kotlin\io\apptolast\paparcar\domain\model\ParkingSpot.kt, C:\Users\Renendo\Documents\Android\AppToLast\Paparcar\composeApp\src\commonMain\kotlin\io\apptolast\paparcar\domain\model\ParkingZone.kt, C:\Users\Renendo\Documents\Android\AppToLast\Paparcar\composeApp\src\commonMain\kotlin\io\apptolast\paparcar\domain\repository\ActivityRecognitionRepository.kt, C:\Users\Renendo\Documents\Android\AppToLast\Paparcar\composeApp\src\commonMain\kotlin\io\apptolast\paparcar\domain\repository\ActivityRepository.kt, C:\Users\Renendo\Documents\Android\AppToLast\Paparcar\composeApp\src\commonMain\kotlin\io\apptolast\paparcar\domain\repository\LocationRepository.kt, C:\Users\Renendo\Documents\Android\AppToLast\Paparcar\composeApp\src\commonMain\kotlin\io\apptolast\paparcar\domain\repository\ParkingRepository.kt, C:\Users\Renendo\Documents\Android\AppToLast\Paparcar\composeApp\src\commonMain\kotlin\io\apptolast\paparcar\domain\service\AccelerometerService.kt, C:\Users\Renendo\Documents\Android\AppToLast\Paparcar\composeApp\src\commonMain\kotlin\io\apptolast\paparcar\domain\service\ActivityDetectionService.kt, C:\Users\Renendo\Documents\Android\AppToLast\Paparcar\composeApp\src\commonMain\kotlin\io\apptolast\paparcar\domain\service\GeofenceService.kt, C:\Users\Renendo\Documents\Android\AppToLast\Paparcar\composeApp\src\commonMain\kotlin\io\apptolast\paparcar\domain\service\NotificationService.kt, C:\Users\Renendo\Documents\Android\AppToLast\Paparcar\composeApp\src\commonMain\kotlin\io\apptolast\paparcar\domain\usecase\DetectParkingDepartureUseCase.kt, C:\Users\Renendo\Documents\Android\AppToLast\Paparcar\composeApp\src\commonMain\kotlin\io\apptolast\paparcar\domain\usecase\ReportFreeParkingSpotUseCase.kt, C:\Users\Renendo\Documents\Android\AppToLast\Paparcar\composeApp\src\commonMain\kotlin\io\apptolast\paparcar\domain\usecase\StartVehicleDetectionUseCase.kt, C:\Users\Renendo\Documents\Android\AppToLast\Paparcar\composeApp\src\commonMain\kotlin\io\apptolast\paparcar\domain\usecase\ValidateParkingZoneUseCase.kt, C:\Users\Renendo\Documents\Android\AppToLast\Paparcar\composeApp\src\commonMain\kotlin\io\apptolast\paparcar\platform\DetectionController.kt, C:\Users\Renendo\Documents\Android\AppToLast\Paparcar\composeApp\src\commonMain\kotlin\io\apptolast\paparcar\platform\permissions\PermissionGate.kt, C:\Users\Renendo\Documents\Android\AppToLast\Paparcar\composeApp\src\commonMain\kotlin\io\apptolast\paparcar\platform\session\UserSession.kt, C:\Users\Renendo\Documents\Android\AppToLast\Paparcar\composeApp\src\commonMain\kotlin\io\apptolast\paparcar\presentation\main\MainContract.kt, C:\Users\Renendo\Documents\Android\AppToLast\Paparcar\composeApp\src\commonMain\kotlin\io\apptolast\paparcar\presentation\main\MainScreen.kt, C:\Users\Renendo\Documents\Android\AppToLast\Paparcar\composeApp\src\commonMain\kotlin\io\apptolast\paparcar\presentation\main\MainViewModel.kt, C:\Users\Renendo\Documents\Android\AppToLast\Paparcar\composeApp\build\generated\compose\resourceGenerator\kotlin\commonResClass\paparcar\composeapp\generated\resources\Res.kt, C:\Users\Renendo\Documents\Android\AppToLast\Paparcar\composeApp\build\generated\compose\resourceGenerator\kotlin\commonMainResourceCollectors\paparcar\composeapp\generated\resources\ExpectResourceCollectors.kt
Java source files: 
Script source files: 
Script file extensions: 
file or directory 'C:\Users\Renendo\Documents\Android\AppToLast\Paparcar\composeApp\src\androidDebug\kotlin', not found
file or directory 'C:\Users\Renendo\Documents\Android\AppToLast\Paparcar\composeApp\build\generated\compose\resourceGenerator\kotlin\androidDebugResourceAccessors', not found
file or directory 'C:\Users\Renendo\Documents\Android\AppToLast\Paparcar\composeApp\src\debug\java', not found
file or directory 'C:\Users\Renendo\Documents\Android\AppToLast\Paparcar\composeApp\src\debug\kotlin', not found
file or directory 'C:\Users\Renendo\Documents\Android\AppToLast\Paparcar\composeApp\build\generated\compose\resourceGenerator\kotlin\androidMainResourceAccessors', not found
file or directory 'C:\Users\Renendo\Documents\Android\AppToLast\Paparcar\composeApp\src\main\java', not found
file or directory 'C:\Users\Renendo\Documents\Android\AppToLast\Paparcar\composeApp\src\main\kotlin', not found
file or directory 'C:\Users\Renendo\Documents\Android\AppToLast\Paparcar\composeApp\src\main\java', not found
file or directory 'C:\Users\Renendo\Documents\Android\AppToLast\Paparcar\composeApp\src\debug\java', not found
file or directory 'C:\Users\Renendo\Documents\Android\AppToLast\Paparcar\composeApp\build\generated\compose\resourceGenerator\kotlin\commonMainResourceAccessors', not found
Using Kotlin/JVM incremental compilation
[KOTLIN] Kotlin compilation 'jdkHome' argument: C:\Program Files\Java\jdk-23
Options for KOTLIN DAEMON: IncrementalCompilationOptions(super=CompilationOptions(compilerMode=INCREMENTAL_COMPILER, targetPlatform=JVM, reportCategories=[0, 3], reportSeverity=2, requestedCompilationResults=[0], kotlinScriptExtensions=[]), sourceChanges=org.jetbrains.kotlin.buildtools.api.SourcesChanges$Unknown@36135df, classpathChanges=NotAvailableForNonIncrementalRun, workingDir=C:\Users\Renendo\Documents\Android\AppToLast\Paparcar\composeApp\build\kotlin\compileDebugKotlinAndroid\cacheable, multiModuleICSettings=MultiModuleICSettings(buildHistoryFile=C:\Users\Renendo\Documents\Android\AppToLast\Paparcar\composeApp\build\kotlin\compileDebugKotlinAndroid\local-state\build-history.bin, useModuleDetection=true), icFeatures=IncrementalCompilationFeatures(usePreciseJavaTracking=true, withAbiSnapshot=false, preciseCompilationResultsBackup=true, keepIncrementalCompilationCachesInMemory=true, enableUnsafeIncrementalCompilationForMultiplatform=false, enableMonotonousIncrementalCompileSetExpansion=true), outputFiles=[C:\Users\Renendo\Documents\Android\AppToLast\Paparcar\composeApp\build\tmp\kotlin-classes\debug, C:\Users\Renendo\Documents\Android\AppToLast\Paparcar\composeApp\build\kotlin\compileDebugKotlinAndroid\cacheable, C:\Users\Renendo\Documents\Android\AppToLast\Paparcar\composeApp\build\kotlin\compileDebugKotlinAndroid\local-state])
.\gradlew.bat : e: file:///C:/Users/Renendo/Documents/Android/AppToLast/Paparcar/composeApp/src/androidMain/kotlin/io/a
pptolast/paparcar/data/repository/LocationRepositoryImpl.kt:41:42 Argument type mismatch: actual type is 
'DomainError.LocationUnavailable', but 'Throwable' was expected.
En línea: 1 Carácter: 1
+ .\gradlew.bat :composeApp:compileDebugKotlinAndroid --info 2>&1 | Tee ...
+ ~~~~~~~~~~~~~~~~~~~~~~~~~~~~~~~~~~~~~~~~~~~~~~~~~~~~~~~~~~~~~~~
    + CategoryInfo          : NotSpecified: (e: file:///C:/U...' was expected.:String) [], RemoteException
    + FullyQualifiedErrorId : NativeCommandError
 
e: file:///C:/Users/Renendo/Documents/Android/AppToLast/Paparcar/composeApp/src/androidMain/kotlin/io/apptolast/paparca
r/data/repository/LocationRepositoryImpl.kt:45:28 Argument type mismatch: actual type is 
'DomainError.LocationUnavailable', but 'Throwable' was expected.
e: file:///C:/Users/Renendo/Documents/Android/AppToLast/Paparcar/composeApp/src/androidMain/kotlin/io/apptolast/paparca
r/data/repository/LocationRepositoryImpl.kt:59:28 Argument type mismatch: actual type is 
'DomainError.LocationTimeout', but 'Throwable' was expected.
e: file:///C:/Users/Renendo/Documents/Android/AppToLast/Paparcar/composeApp/src/androidMain/kotlin/io/apptolast/paparca
r/data/repository/LocationRepositoryImpl.kt:78:21 Argument type mismatch: actual type is 
'DomainError.LocationAccuracyTooLow', but 'Throwable' was expected.
e: file:///C:/Users/Renendo/Documents/Android/AppToLast/Paparcar/composeApp/src/androidMain/kotlin/io/apptolast/paparca
r/data/repository/LocationRepositoryImpl.kt:84:28 Argument type mismatch: actual type is 
'DomainError.LocationUnavailable', but 'Throwable' was expected.
e: file:///C:/Users/Renendo/Documents/Android/AppToLast/Paparcar/composeApp/src/androidMain/kotlin/io/apptolast/paparca
r/data/repository/LocationRepositoryImpl.kt:107:40 Argument type mismatch: actual type is 
'DomainError.LocationUnavailable', but 'Throwable' was expected.
e: file:///C:/Users/Renendo/Documents/Android/AppToLast/Paparcar/composeApp/src/commonMain/kotlin/io/apptolast/paparcar
/data/mapper/ParkingSpotMapper.kt:21:13 No parameter with name 'isInRegulatedZone' found.
e: file:///C:/Users/Renendo/Documents/Android/AppToLast/Paparcar/composeApp/src/commonMain/kotlin/io/apptolast/paparcar
/data/mapper/ParkingSpotMapper.kt:22:13 No parameter with name 'zoneId' found.
e: file:///C:/Users/Renendo/Documents/Android/AppToLast/Paparcar/composeApp/src/commonMain/kotlin/io/apptolast/paparcar
/data/mapper/ParkingSpotMapper.kt:34:32 Unresolved reference 'isInRegulatedZone'.
e: file:///C:/Users/Renendo/Documents/Android/AppToLast/Paparcar/composeApp/src/commonMain/kotlin/io/apptolast/paparcar
/data/mapper/ParkingSpotMapper.kt:35:29 Unresolved reference 'zoneId'.
e: file:///C:/Users/Renendo/Documents/Android/AppToLast/Paparcar/composeApp/src/commonMain/kotlin/io/apptolast/paparcar
/domain/usecase/DetectParkingDepartureUseCase.kt:388:17 Argument type mismatch: actual type is 'Double', but 
'Location' was expected.
e: file:///C:/Users/Renendo/Documents/Android/AppToLast/Paparcar/composeApp/src/commonMain/kotlin/io/apptolast/paparcar
/domain/usecase/DetectParkingDepartureUseCase.kt:389:17 Argument type mismatch: actual type is 'Double', but 
'Location' was expected.
e: file:///C:/Users/Renendo/Documents/Android/AppToLast/Paparcar/composeApp/src/commonMain/kotlin/io/apptolast/paparcar
/domain/usecase/DetectParkingDepartureUseCase.kt:390:17 Too many arguments for 'fun calculateDistance(location1: 
Location, location2: Location): Float'.
e: file:///C:/Users/Renendo/Documents/Android/AppToLast/Paparcar/composeApp/src/commonMain/kotlin/io/apptolast/paparcar
/domain/usecase/DetectParkingDepartureUseCase.kt:391:17 Too many arguments for 'fun calculateDistance(location1: 
Location, location2: Location): Float'.
e: file:///C:/Users/Renendo/Documents/Android/AppToLast/Paparcar/composeApp/src/commonMain/kotlin/io/apptolast/paparcar
/domain/usecase/ValidateParkingZoneUseCase.kt:76:73 Unresolved reference 'locationResult'.
e: file:///C:/Users/Renendo/Documents/Android/AppToLast/Paparcar/composeApp/src/commonMain/kotlin/io/apptolast/paparcar
/domain/usecase/ValidateParkingZoneUseCase.kt:77:36 Unresolved reference 'locationResult'.
e: file:///C:/Users/Renendo/Documents/Android/AppToLast/Paparcar/composeApp/src/commonMain/kotlin/io/apptolast/paparcar
/domain/usecase/ValidateParkingZoneUseCase.kt:97:56 Unresolved reference 'latitude'.
e: file:///C:/Users/Renendo/Documents/Android/AppToLast/Paparcar/composeApp/src/commonMain/kotlin/io/apptolast/paparcar
/domain/usecase/ValidateParkingZoneUseCase.kt:97:75 Unresolved reference 'longitude'.
Finished executing kotlin compiler using DAEMON strategy

> Task :composeApp:compileDebugKotlinAndroid FAILED
Build e3e7b7b5-9eb6-4528-93ad-edd4b8185c2e is closed

FAILURE: Build failed with an exception.

* What went wrong:
Execution failed for task ':composeApp:compileDebugKotlinAndroid'.
> A failure occurred while executing 
org.jetbrains.kotlin.compilerRunner.GradleCompilerRunnerWithWorkers$GradleKotlinCompilerWorkAction
   > Compilation error. See log for more details

* Try:
> Run with --stacktrace option to get the stack trace.
> Run with --debug option to get more log output.
> Run with --scan to get full insights.
> Get more help at https://help.gradle.org.

BUILD FAILED in 4s
20 actionable tasks: 2 executed, 18 up-to-date
Watched directory hierarchies: [C:\Users\Renendo\Documents\Android\AppToLast\Paparcar]
Configuration cache entry reused.
